0 ADDMACC_MACRO mod 0 0
0 ADDSUB_MACRO mod 0 0
0 BRAM_SDP_MACRO mod 0 0
0 BRAM_SINGLE_MACRO mod 0 0
0 BRAM_TDP_MACRO mod 0 0
0 COUNTER_LOAD_MACRO mod 0 0
0 COUNTER_TC_MACRO mod 0 0
0 EQ_COMPARE_MACRO mod 0 0
0 FIFO_DUALCLOCK_MACRO mod 0 0
0 FIFO_SYNC_MACRO mod 0 0
0 MACC_MACRO mod 0 0
0 MULT_MACRO mod 0 0
0 AND2B1 mod 0 0
0 AND2B2 mod 0 0
0 AND2 mod 0 0
0 AND3B1 mod 0 0
0 AND3B2 mod 0 0
0 AND3B3 mod 0 0
0 AND3 mod 0 0
0 AND4B1 mod 0 0
0 AND4B2 mod 0 0
0 AND4B3 mod 0 0
0 AND4B4 mod 0 0
0 AND4 mod 0 0
0 AND5B1 mod 0 0
0 AND5B2 mod 0 0
0 AND5B3 mod 0 0
0 AND5B4 mod 0 0
0 AND5B5 mod 0 0
0 AND5 mod 0 0
0 BSCAN_SPARTAN6 mod 0 0
0 BSCAN_VIRTEX4 mod 0 0
0 BSCAN_VIRTEX5 mod 0 0
0 BSCAN_VIRTEX6 mod 0 0
0 BUFGCE_1 mod 0 0
0 BUFGCE mod 0 0
0 BUFGMUX_CTRL mod 0 0
0 BUFGMUX_VIRTEX4 mod 0 0
0 CAPTURE_SPARTAN3A mod 0 0
0 CAPTURE_SPARTAN3 mod 0 0
0 CAPTURE_VIRTEX4 mod 0 0
0 CAPTURE_VIRTEX5 mod 0 0
0 CAPTURE_VIRTEX6 mod 0 0
0 DCM_BASE mod 0 0
0 DCM_PS mod 0 0
0 DSP48E mod 0 0
0 DSP48 mod 0 0
0 FD_1 mod 0 0
0 FDC_1 mod 0 0
0 FDCE_1 mod 0 0
0 FDCP_1 mod 0 0
0 FDCPE_1 mod 0 0
0 FDCPE mod 0 0
0 FDCP mod 0 0
0 FDC mod 0 0
0 FDE_1 mod 0 0
0 FDE mod 0 0
0 FDP_1 mod 0 0
0 FDPE_1 mod 0 0
0 FDP mod 0 0
0 FDR_1 mod 0 0
0 FDRE_1 mod 0 0
0 FDRS_1 mod 0 0
0 FDRSE_1 mod 0 0
0 FDRSE mod 0 0
0 FDRS mod 0 0
0 FDR mod 0 0
0 FDS_1 mod 0 0
0 FDSE_1 mod 0 0
0 FDS mod 0 0
0 FD mod 0 0
0 FIFO16 mod 0 0
0 FIFO18_36 mod 0 0
0 FIFO18 mod 0 0
0 FIFO36_72 mod 0 0
0 FIFO36 mod 0 0
0 FRAME_ECC_VIRTEX6 mod 0 0
0 IBUF_AGP mod 0 0
0 IBUF_CTT mod 0 0
0 IBUFDS_BLVDS_25 mod 0 0
0 IBUFDS_LDT_25 mod 0 0
0 IBUFDS_LVDS_25_DCI mod 0 0
0 IBUFDS_LVDS_25 mod 0 0
0 IBUFDS_LVDS_33_DCI mod 0 0
0 IBUFDS_LVDS_33 mod 0 0
0 IBUFDS_LVDSEXT_25_DCI mod 0 0
0 IBUFDS_LVDSEXT_25 mod 0 0
0 IBUFDS_LVDSEXT_33_DCI mod 0 0
0 IBUFDS_LVDSEXT_33 mod 0 0
0 IBUFDS_LVPECL_25 mod 0 0
0 IBUFDS_LVPECL_33 mod 0 0
0 IBUFDS_ULVDS_25 mod 0 0
0 IBUFG_AGP mod 0 0
0 IBUFG_CTT mod 0 0
0 IBUFGDS_BLVDS_25 mod 0 0
0 IBUFGDS_LDT_25 mod 0 0
0 IBUFGDS_LVDS_25_DCI mod 0 0
0 IBUFGDS_LVDS_25 mod 0 0
0 IBUFGDS_LVDS_33_DCI mod 0 0
0 IBUFGDS_LVDS_33 mod 0 0
0 IBUFGDS_LVDSEXT_25_DCI mod 0 0
0 IBUFGDS_LVDSEXT_25 mod 0 0
0 IBUFGDS_LVDSEXT_33_DCI mod 0 0
0 IBUFGDS_LVDSEXT_33 mod 0 0
0 IBUFGDS_LVPECL_25 mod 0 0
0 IBUFGDS_LVPECL_33 mod 0 0
0 IBUFGDS_ULVDS_25 mod 0 0
0 IBUFG_GTL_DCI mod 0 0
0 IBUFG_GTLP_DCI mod 0 0
0 IBUFG_GTLP mod 0 0
0 IBUFG_GTL mod 0 0
0 IBUFG_HSTL_I_18 mod 0 0
0 IBUFG_HSTL_I_DCI_18 mod 0 0
0 IBUFG_HSTL_I_DCI mod 0 0
0 IBUFG_HSTL_II_18 mod 0 0
0 IBUFG_HSTL_II_DCI_18 mod 0 0
0 IBUFG_HSTL_II_DCI mod 0 0
0 IBUFG_HSTL_III_18 mod 0 0
0 IBUFG_HSTL_III_DCI_18 mod 0 0
0 IBUFG_HSTL_III_DCI mod 0 0
0 IBUFG_HSTL_III mod 0 0
0 IBUFG_HSTL_II mod 0 0
0 IBUFG_HSTL_I mod 0 0
0 IBUFG_HSTL_IV_18 mod 0 0
0 IBUFG_HSTL_IV_DCI_18 mod 0 0
0 IBUFG_HSTL_IV_DCI mod 0 0
0 IBUFG_HSTL_IV mod 0 0
0 IBUFG_LVCMOS12 mod 0 0
0 IBUFG_LVCMOS15 mod 0 0
0 IBUFG_LVCMOS18 mod 0 0
0 IBUFG_LVCMOS25 mod 0 0
0 IBUFG_LVCMOS2 mod 0 0
0 IBUFG_LVCMOS33 mod 0 0
0 IBUFG_LVDCI_15 mod 0 0
0 IBUFG_LVDCI_18 mod 0 0
0 IBUFG_LVDCI_25 mod 0 0
0 IBUFG_LVDCI_33 mod 0 0
0 IBUFG_LVDCI_DV2_15 mod 0 0
0 IBUFG_LVDCI_DV2_18 mod 0 0
0 IBUFG_LVDCI_DV2_25 mod 0 0
0 IBUFG_LVDCI_DV2_33 mod 0 0
0 IBUFG_LVDS mod 0 0
0 IBUFG_LVPECL mod 0 0
0 IBUFG_LVTTL mod 0 0
0 IBUFG_PCI33_3 mod 0 0
0 IBUFG_PCI33_5 mod 0 0
0 IBUFG_PCI66_3 mod 0 0
0 IBUFG_PCIX66_3 mod 0 0
0 IBUFG_PCIX mod 0 0
0 IBUFG_SSTL18_I_DCI mod 0 0
0 IBUFG_SSTL18_II_DCI mod 0 0
0 IBUFG_SSTL18_II mod 0 0
0 IBUFG_SSTL18_I mod 0 0
0 IBUFG_SSTL2_I_DCI mod 0 0
0 IBUFG_SSTL2_II_DCI mod 0 0
0 IBUFG_SSTL2_II mod 0 0
0 IBUFG_SSTL2_I mod 0 0
0 IBUFG_SSTL3_I_DCI mod 0 0
0 IBUFG_SSTL3_II_DCI mod 0 0
0 IBUFG_SSTL3_II mod 0 0
0 IBUFG_SSTL3_I mod 0 0
0 IBUF_GTL_DCI mod 0 0
0 IBUF_GTLP_DCI mod 0 0
0 IBUF_GTLP mod 0 0
0 IBUF_GTL mod 0 0
0 IBUF_HSTL_I_18 mod 0 0
0 IBUF_HSTL_I_DCI_18 mod 0 0
0 IBUF_HSTL_I_DCI mod 0 0
0 IBUF_HSTL_II_18 mod 0 0
0 IBUF_HSTL_II_DCI_18 mod 0 0
0 IBUF_HSTL_II_DCI mod 0 0
0 IBUF_HSTL_III_18 mod 0 0
0 IBUF_HSTL_III_DCI_18 mod 0 0
0 IBUF_HSTL_III_DCI mod 0 0
0 IBUF_HSTL_III mod 0 0
0 IBUF_HSTL_II mod 0 0
0 IBUF_HSTL_I mod 0 0
0 IBUF_HSTL_IV_18 mod 0 0
0 IBUF_HSTL_IV_DCI_18 mod 0 0
0 IBUF_HSTL_IV_DCI mod 0 0
0 IBUF_HSTL_IV mod 0 0
0 IBUF_LVCMOS12 mod 0 0
0 IBUF_LVCMOS15 mod 0 0
0 IBUF_LVCMOS18 mod 0 0
0 IBUF_LVCMOS25 mod 0 0
0 IBUF_LVCMOS2 mod 0 0
0 IBUF_LVCMOS33 mod 0 0
0 IBUF_LVDCI_15 mod 0 0
0 IBUF_LVDCI_18 mod 0 0
0 IBUF_LVDCI_25 mod 0 0
0 IBUF_LVDCI_33 mod 0 0
0 IBUF_LVDCI_DV2_15 mod 0 0
0 IBUF_LVDCI_DV2_18 mod 0 0
0 IBUF_LVDCI_DV2_25 mod 0 0
0 IBUF_LVDCI_DV2_33 mod 0 0
0 IBUF_LVDS mod 0 0
0 IBUF_LVPECL mod 0 0
0 IBUF_LVTTL mod 0 0
0 IBUF_PCI33_3 mod 0 0
0 IBUF_PCI33_5 mod 0 0
0 IBUF_PCI66_3 mod 0 0
0 IBUF_PCIX66_3 mod 0 0
0 IBUF_PCIX mod 0 0
0 IBUF_SSTL18_I_DCI mod 0 0
0 IBUF_SSTL18_II_DCI mod 0 0
0 IBUF_SSTL18_II mod 0 0
0 IBUF_SSTL18_I mod 0 0
0 IBUF_SSTL2_I_DCI mod 0 0
0 IBUF_SSTL2_II_DCI mod 0 0
0 IBUF_SSTL2_II mod 0 0
0 IBUF_SSTL2_I mod 0 0
0 IBUF_SSTL3_I_DCI mod 0 0
0 IBUF_SSTL3_II_DCI mod 0 0
0 IBUF_SSTL3_II mod 0 0
0 IBUF_SSTL3_I mod 0 0
0 ICAP_SPARTAN3A mod 0 0
0 ICAP_SPARTAN6 mod 0 0
0 ICAP_VIRTEX4 mod 0 0
0 ICAP_VIRTEX5 mod 0 0
0 ICAP_VIRTEX6 mod 0 0
0 IDDR2 mod 0 0
0 IDELAY mod 0 0
0 IOBUF_AGP mod 0 0
0 IOBUF_CTT mod 0 0
0 IOBUFDS_BLVDS_25 mod 0 0
0 IOBUF_F_12 mod 0 0
0 IOBUF_F_16 mod 0 0
0 IOBUF_F_24 mod 0 0
0 IOBUF_F_2 mod 0 0
0 IOBUF_F_4 mod 0 0
0 IOBUF_F_6 mod 0 0
0 IOBUF_F_8 mod 0 0
0 IOBUF_GTL_DCI mod 0 0
0 IOBUF_GTLP_DCI mod 0 0
0 IOBUF_GTLP mod 0 0
0 IOBUF_GTL mod 0 0
0 IOBUF_HSTL_I_18 mod 0 0
0 IOBUF_HSTL_II_18 mod 0 0
0 IOBUF_HSTL_II_DCI_18 mod 0 0
0 IOBUF_HSTL_II_DCI mod 0 0
0 IOBUF_HSTL_III_18 mod 0 0
0 IOBUF_HSTL_III mod 0 0
0 IOBUF_HSTL_II mod 0 0
0 IOBUF_HSTL_I mod 0 0
0 IOBUF_HSTL_IV_18 mod 0 0
0 IOBUF_HSTL_IV_DCI_18 mod 0 0
0 IOBUF_HSTL_IV_DCI mod 0 0
0 IOBUF_HSTL_IV mod 0 0
0 IOBUF_LVCMOS12_F_2 mod 0 0
0 IOBUF_LVCMOS12_F_4 mod 0 0
0 IOBUF_LVCMOS12_F_6 mod 0 0
0 IOBUF_LVCMOS12_F_8 mod 0 0
0 IOBUF_LVCMOS12_S_2 mod 0 0
0 IOBUF_LVCMOS12_S_4 mod 0 0
0 IOBUF_LVCMOS12_S_6 mod 0 0
0 IOBUF_LVCMOS12_S_8 mod 0 0
0 IOBUF_LVCMOS12 mod 0 0
0 IOBUF_LVCMOS15_F_12 mod 0 0
0 IOBUF_LVCMOS15_F_16 mod 0 0
0 IOBUF_LVCMOS15_F_2 mod 0 0
0 IOBUF_LVCMOS15_F_4 mod 0 0
0 IOBUF_LVCMOS15_F_6 mod 0 0
0 IOBUF_LVCMOS15_F_8 mod 0 0
0 IOBUF_LVCMOS15_S_12 mod 0 0
0 IOBUF_LVCMOS15_S_16 mod 0 0
0 IOBUF_LVCMOS15_S_2 mod 0 0
0 IOBUF_LVCMOS15_S_4 mod 0 0
0 IOBUF_LVCMOS15_S_6 mod 0 0
0 IOBUF_LVCMOS15_S_8 mod 0 0
0 IOBUF_LVCMOS15 mod 0 0
0 IOBUF_LVCMOS18_F_12 mod 0 0
0 IOBUF_LVCMOS18_F_16 mod 0 0
0 IOBUF_LVCMOS18_F_2 mod 0 0
0 IOBUF_LVCMOS18_F_4 mod 0 0
0 IOBUF_LVCMOS18_F_6 mod 0 0
0 IOBUF_LVCMOS18_F_8 mod 0 0
0 IOBUF_LVCMOS18_S_12 mod 0 0
0 IOBUF_LVCMOS18_S_16 mod 0 0
0 IOBUF_LVCMOS18_S_2 mod 0 0
0 IOBUF_LVCMOS18_S_4 mod 0 0
0 IOBUF_LVCMOS18_S_6 mod 0 0
0 IOBUF_LVCMOS18_S_8 mod 0 0
0 IOBUF_LVCMOS18 mod 0 0
0 IOBUF_LVCMOS25_F_12 mod 0 0
0 IOBUF_LVCMOS25_F_16 mod 0 0
0 IOBUF_LVCMOS25_F_24 mod 0 0
0 IOBUF_LVCMOS25_F_2 mod 0 0
0 IOBUF_LVCMOS25_F_4 mod 0 0
0 IOBUF_LVCMOS25_F_6 mod 0 0
0 IOBUF_LVCMOS25_F_8 mod 0 0
0 IOBUF_LVCMOS25_S_12 mod 0 0
0 IOBUF_LVCMOS25_S_16 mod 0 0
0 IOBUF_LVCMOS25_S_24 mod 0 0
0 IOBUF_LVCMOS25_S_2 mod 0 0
0 IOBUF_LVCMOS25_S_4 mod 0 0
0 IOBUF_LVCMOS25_S_6 mod 0 0
0 IOBUF_LVCMOS25_S_8 mod 0 0
0 IOBUF_LVCMOS25 mod 0 0
0 IOBUF_LVCMOS2 mod 0 0
0 IOBUF_LVCMOS33_F_12 mod 0 0
0 IOBUF_LVCMOS33_F_16 mod 0 0
0 IOBUF_LVCMOS33_F_24 mod 0 0
0 IOBUF_LVCMOS33_F_2 mod 0 0
0 IOBUF_LVCMOS33_F_4 mod 0 0
0 IOBUF_LVCMOS33_F_6 mod 0 0
0 IOBUF_LVCMOS33_F_8 mod 0 0
0 IOBUF_LVCMOS33_S_12 mod 0 0
0 IOBUF_LVCMOS33_S_16 mod 0 0
0 IOBUF_LVCMOS33_S_24 mod 0 0
0 IOBUF_LVCMOS33_S_2 mod 0 0
0 IOBUF_LVCMOS33_S_4 mod 0 0
0 IOBUF_LVCMOS33_S_6 mod 0 0
0 IOBUF_LVCMOS33_S_8 mod 0 0
0 IOBUF_LVCMOS33 mod 0 0
0 IOBUF_LVDCI_15 mod 0 0
0 IOBUF_LVDCI_18 mod 0 0
0 IOBUF_LVDCI_25 mod 0 0
0 IOBUF_LVDCI_33 mod 0 0
0 IOBUF_LVDCI_DV2_15 mod 0 0
0 IOBUF_LVDCI_DV2_18 mod 0 0
0 IOBUF_LVDCI_DV2_25 mod 0 0
0 IOBUF_LVDCI_DV2_33 mod 0 0
0 IOBUF_LVDS mod 0 0
0 IOBUF_LVPECL mod 0 0
0 IOBUF_LVTTL_F_12 mod 0 0
0 IOBUF_LVTTL_F_16 mod 0 0
0 IOBUF_LVTTL_F_24 mod 0 0
0 IOBUF_LVTTL_F_2 mod 0 0
0 IOBUF_LVTTL_F_4 mod 0 0
0 IOBUF_LVTTL_F_6 mod 0 0
0 IOBUF_LVTTL_F_8 mod 0 0
0 IOBUF_LVTTL_S_12 mod 0 0
0 IOBUF_LVTTL_S_16 mod 0 0
0 IOBUF_LVTTL_S_24 mod 0 0
0 IOBUF_LVTTL_S_2 mod 0 0
0 IOBUF_LVTTL_S_4 mod 0 0
0 IOBUF_LVTTL_S_6 mod 0 0
0 IOBUF_LVTTL_S_8 mod 0 0
0 IOBUF_LVTTL mod 0 0
0 IOBUF_PCI33_3 mod 0 0
0 IOBUF_PCI33_5 mod 0 0
0 IOBUF_PCI66_3 mod 0 0
0 IOBUF_PCIX66_3 mod 0 0
0 IOBUF_PCIX mod 0 0
0 IOBUF_S_12 mod 0 0
0 IOBUF_S_16 mod 0 0
0 IOBUF_S_24 mod 0 0
0 IOBUF_S_2 mod 0 0
0 IOBUF_S_4 mod 0 0
0 IOBUF_S_6 mod 0 0
0 IOBUF_S_8 mod 0 0
0 IOBUF_SSTL18_II_DCI mod 0 0
0 IOBUF_SSTL18_II mod 0 0
0 IOBUF_SSTL18_I mod 0 0
0 IOBUF_SSTL2_II_DCI mod 0 0
0 IOBUF_SSTL2_II mod 0 0
0 IOBUF_SSTL2_I mod 0 0
0 IOBUF_SSTL3_II_DCI mod 0 0
0 IOBUF_SSTL3_II mod 0 0
0 IOBUF_SSTL3_I mod 0 0
0 IODELAYE1 mod 0 0
0 IODELAY mod 0 0
0 KEY_CLEAR mod 0 0
0 LD_1 mod 0 0
0 LDC_1 mod 0 0
0 LDCE_1 mod 0 0
0 LDCP_1 mod 0 0
0 LDCPE_1 mod 0 0
0 LDCPE mod 0 0
0 LDCP mod 0 0
0 LDC mod 0 0
0 LDE_1 mod 0 0
0 LDE mod 0 0
0 LDP_1 mod 0 0
0 LDPE_1 mod 0 0
0 LDP mod 0 0
0 LD mod 0 0
0 LUT1_D mod 0 0
0 LUT1_L mod 0 0
0 LUT2_D mod 0 0
0 LUT2_L mod 0 0
0 LUT3_D mod 0 0
0 LUT3_L mod 0 0
0 LUT4_D mod 0 0
0 LUT4_L mod 0 0
0 LUT5_D mod 0 0
0 LUT5_L mod 0 0
0 LUT6_D mod 0 0
0 LUT6_L mod 0 0
0 MMCM_ADV mod 0 0
0 MMCM_BASE mod 0 0
0 MULT18X18SIO mod 0 0
0 MULT18X18S mod 0 0
0 MULT18X18 mod 0 0
0 MULT_AND mod 0 0
0 MUXCY_D mod 0 0
0 MUXCY_L mod 0 0
0 MUXF5_D mod 0 0
0 MUXF5_L mod 0 0
0 MUXF5 mod 0 0
0 MUXF6_D mod 0 0
0 MUXF6_L mod 0 0
0 MUXF6 mod 0 0
0 MUXF7_D mod 0 0
0 MUXF7_L mod 0 0
0 MUXF8_D mod 0 0
0 MUXF8_L mod 0 0
0 NAND2B1 mod 0 0
0 NAND2B2 mod 0 0
0 NAND2 mod 0 0
0 NAND3B1 mod 0 0
0 NAND3B2 mod 0 0
0 NAND3B3 mod 0 0
0 NAND3 mod 0 0
0 NAND4B1 mod 0 0
0 NAND4B2 mod 0 0
0 NAND4B3 mod 0 0
0 NAND4B4 mod 0 0
0 NAND4 mod 0 0
0 NAND5B1 mod 0 0
0 NAND5B2 mod 0 0
0 NAND5B3 mod 0 0
0 NAND5B4 mod 0 0
0 NAND5B5 mod 0 0
0 NAND5 mod 0 0
0 NOR2B1 mod 0 0
0 NOR2B2 mod 0 0
0 NOR2 mod 0 0
0 NOR3B1 mod 0 0
0 NOR3B2 mod 0 0
0 NOR3B3 mod 0 0
0 NOR3 mod 0 0
0 NOR4B1 mod 0 0
0 NOR4B2 mod 0 0
0 NOR4B3 mod 0 0
0 NOR4B4 mod 0 0
0 NOR4 mod 0 0
0 NOR5B1 mod 0 0
0 NOR5B2 mod 0 0
0 NOR5B3 mod 0 0
0 NOR5B4 mod 0 0
0 NOR5B5 mod 0 0
0 NOR5 mod 0 0
0 OBUF_AGP mod 0 0
0 OBUF_CTT mod 0 0
0 OBUFDS_BLVDS_25 mod 0 0
0 OBUFDS_LDT_25 mod 0 0
0 OBUFDS_LVDS_25 mod 0 0
0 OBUFDS_LVDS_33 mod 0 0
0 OBUFDS_LVDSEXT_25 mod 0 0
0 OBUFDS_LVDSEXT_33 mod 0 0
0 OBUFDS_LVPECL_25 mod 0 0
0 OBUFDS_LVPECL_33 mod 0 0
0 OBUFDS_ULVDS_25 mod 0 0
0 OBUF_F_12 mod 0 0
0 OBUF_F_16 mod 0 0
0 OBUF_F_24 mod 0 0
0 OBUF_F_2 mod 0 0
0 OBUF_F_4 mod 0 0
0 OBUF_F_6 mod 0 0
0 OBUF_F_8 mod 0 0
0 OBUF_GTL_DCI mod 0 0
0 OBUF_GTLP_DCI mod 0 0
0 OBUF_GTLP mod 0 0
0 OBUF_GTL mod 0 0
0 OBUF_HSTL_I_18 mod 0 0
0 OBUF_HSTL_I_DCI_18 mod 0 0
0 OBUF_HSTL_I_DCI mod 0 0
0 OBUF_HSTL_II_18 mod 0 0
0 OBUF_HSTL_II_DCI_18 mod 0 0
0 OBUF_HSTL_II_DCI mod 0 0
0 OBUF_HSTL_III_18 mod 0 0
0 OBUF_HSTL_III_DCI_18 mod 0 0
0 OBUF_HSTL_III_DCI mod 0 0
0 OBUF_HSTL_III mod 0 0
0 OBUF_HSTL_II mod 0 0
0 OBUF_HSTL_I mod 0 0
0 OBUF_HSTL_IV_18 mod 0 0
0 OBUF_HSTL_IV_DCI_18 mod 0 0
0 OBUF_HSTL_IV_DCI mod 0 0
0 OBUF_HSTL_IV mod 0 0
0 OBUF_LVCMOS12_F_2 mod 0 0
0 OBUF_LVCMOS12_F_4 mod 0 0
0 OBUF_LVCMOS12_F_6 mod 0 0
0 OBUF_LVCMOS12_F_8 mod 0 0
0 OBUF_LVCMOS12_S_2 mod 0 0
0 OBUF_LVCMOS12_S_4 mod 0 0
0 OBUF_LVCMOS12_S_6 mod 0 0
0 OBUF_LVCMOS12_S_8 mod 0 0
0 OBUF_LVCMOS12 mod 0 0
0 OBUF_LVCMOS15_F_12 mod 0 0
0 OBUF_LVCMOS15_F_16 mod 0 0
0 OBUF_LVCMOS15_F_2 mod 0 0
0 OBUF_LVCMOS15_F_4 mod 0 0
0 OBUF_LVCMOS15_F_6 mod 0 0
0 OBUF_LVCMOS15_F_8 mod 0 0
0 OBUF_LVCMOS15_S_12 mod 0 0
0 OBUF_LVCMOS15_S_16 mod 0 0
0 OBUF_LVCMOS15_S_2 mod 0 0
0 OBUF_LVCMOS15_S_4 mod 0 0
0 OBUF_LVCMOS15_S_6 mod 0 0
0 OBUF_LVCMOS15_S_8 mod 0 0
0 OBUF_LVCMOS15 mod 0 0
0 OBUF_LVCMOS18_F_12 mod 0 0
0 OBUF_LVCMOS18_F_16 mod 0 0
0 OBUF_LVCMOS18_F_2 mod 0 0
0 OBUF_LVCMOS18_F_4 mod 0 0
0 OBUF_LVCMOS18_F_6 mod 0 0
0 OBUF_LVCMOS18_F_8 mod 0 0
0 OBUF_LVCMOS18_S_12 mod 0 0
0 OBUF_LVCMOS18_S_16 mod 0 0
0 OBUF_LVCMOS18_S_2 mod 0 0
0 OBUF_LVCMOS18_S_4 mod 0 0
0 OBUF_LVCMOS18_S_6 mod 0 0
0 OBUF_LVCMOS18_S_8 mod 0 0
0 OBUF_LVCMOS18 mod 0 0
0 OBUF_LVCMOS25_F_12 mod 0 0
0 OBUF_LVCMOS25_F_16 mod 0 0
0 OBUF_LVCMOS25_F_24 mod 0 0
0 OBUF_LVCMOS25_F_2 mod 0 0
0 OBUF_LVCMOS25_F_4 mod 0 0
0 OBUF_LVCMOS25_F_6 mod 0 0
0 OBUF_LVCMOS25_F_8 mod 0 0
0 OBUF_LVCMOS25_S_12 mod 0 0
0 OBUF_LVCMOS25_S_16 mod 0 0
0 OBUF_LVCMOS25_S_24 mod 0 0
0 OBUF_LVCMOS25_S_2 mod 0 0
0 OBUF_LVCMOS25_S_4 mod 0 0
0 OBUF_LVCMOS25_S_6 mod 0 0
0 OBUF_LVCMOS25_S_8 mod 0 0
0 OBUF_LVCMOS25 mod 0 0
0 OBUF_LVCMOS2 mod 0 0
0 OBUF_LVCMOS33_F_12 mod 0 0
0 OBUF_LVCMOS33_F_16 mod 0 0
0 OBUF_LVCMOS33_F_24 mod 0 0
0 OBUF_LVCMOS33_F_2 mod 0 0
0 OBUF_LVCMOS33_F_4 mod 0 0
0 OBUF_LVCMOS33_F_6 mod 0 0
0 OBUF_LVCMOS33_F_8 mod 0 0
0 OBUF_LVCMOS33_S_12 mod 0 0
0 OBUF_LVCMOS33_S_16 mod 0 0
0 OBUF_LVCMOS33_S_24 mod 0 0
0 OBUF_LVCMOS33_S_2 mod 0 0
0 OBUF_LVCMOS33_S_4 mod 0 0
0 OBUF_LVCMOS33_S_6 mod 0 0
0 OBUF_LVCMOS33_S_8 mod 0 0
0 OBUF_LVCMOS33 mod 0 0
0 OBUF_LVDCI_15 mod 0 0
0 OBUF_LVDCI_18 mod 0 0
0 OBUF_LVDCI_25 mod 0 0
0 OBUF_LVDCI_33 mod 0 0
0 OBUF_LVDCI_DV2_15 mod 0 0
0 OBUF_LVDCI_DV2_18 mod 0 0
0 OBUF_LVDCI_DV2_25 mod 0 0
0 OBUF_LVDCI_DV2_33 mod 0 0
0 OBUF_LVDS mod 0 0
0 OBUF_LVPECL mod 0 0
0 OBUF_LVTTL_F_12 mod 0 0
0 OBUF_LVTTL_F_16 mod 0 0
0 OBUF_LVTTL_F_24 mod 0 0
0 OBUF_LVTTL_F_2 mod 0 0
0 OBUF_LVTTL_F_4 mod 0 0
0 OBUF_LVTTL_F_6 mod 0 0
0 OBUF_LVTTL_F_8 mod 0 0
0 OBUF_LVTTL_S_12 mod 0 0
0 OBUF_LVTTL_S_16 mod 0 0
0 OBUF_LVTTL_S_24 mod 0 0
0 OBUF_LVTTL_S_2 mod 0 0
0 OBUF_LVTTL_S_4 mod 0 0
0 OBUF_LVTTL_S_6 mod 0 0
0 OBUF_LVTTL_S_8 mod 0 0
0 OBUF_LVTTL mod 0 0
0 OBUF_PCI33_3 mod 0 0
0 OBUF_PCI33_5 mod 0 0
0 OBUF_PCI66_3 mod 0 0
0 OBUF_PCIX66_3 mod 0 0
0 OBUF_PCIX mod 0 0
0 OBUF_S_12 mod 0 0
0 OBUF_S_16 mod 0 0
0 OBUF_S_24 mod 0 0
0 OBUF_S_2 mod 0 0
0 OBUF_S_4 mod 0 0
0 OBUF_S_6 mod 0 0
0 OBUF_S_8 mod 0 0
0 OBUF_SSTL18_I_DCI mod 0 0
0 OBUF_SSTL18_II_DCI mod 0 0
0 OBUF_SSTL18_II mod 0 0
0 OBUF_SSTL18_I mod 0 0
0 OBUF_SSTL2_I_DCI mod 0 0
0 OBUF_SSTL2_II_DCI mod 0 0
0 OBUF_SSTL2_II mod 0 0
0 OBUF_SSTL2_I mod 0 0
0 OBUF_SSTL3_I_DCI mod 0 0
0 OBUF_SSTL3_II_DCI mod 0 0
0 OBUF_SSTL3_II mod 0 0
0 OBUF_SSTL3_I mod 0 0
0 OBUFT_AGP mod 0 0
0 OBUFT_CTT mod 0 0
0 OBUFTDS_BLVDS_25 mod 0 0
0 OBUFTDS_LDT_25 mod 0 0
0 OBUFTDS_LVDS_25 mod 0 0
0 OBUFTDS_LVDS_33 mod 0 0
0 OBUFTDS_LVDSEXT_25 mod 0 0
0 OBUFTDS_LVDSEXT_33 mod 0 0
0 OBUFTDS_LVPECL_25 mod 0 0
0 OBUFTDS_LVPECL_33 mod 0 0
0 OBUFTDS_ULVDS_25 mod 0 0
0 OBUFT_F_12 mod 0 0
0 OBUFT_F_16 mod 0 0
0 OBUFT_F_24 mod 0 0
0 OBUFT_F_2 mod 0 0
0 OBUFT_F_4 mod 0 0
0 OBUFT_F_6 mod 0 0
0 OBUFT_F_8 mod 0 0
0 OBUFT_GTL_DCI mod 0 0
0 OBUFT_GTLP_DCI mod 0 0
0 OBUFT_GTLP mod 0 0
0 OBUFT_GTL mod 0 0
0 OBUFT_HSTL_I_18 mod 0 0
0 OBUFT_HSTL_I_DCI_18 mod 0 0
0 OBUFT_HSTL_I_DCI mod 0 0
0 OBUFT_HSTL_II_18 mod 0 0
0 OBUFT_HSTL_II_DCI_18 mod 0 0
0 OBUFT_HSTL_II_DCI mod 0 0
0 OBUFT_HSTL_III_18 mod 0 0
0 OBUFT_HSTL_III_DCI_18 mod 0 0
0 OBUFT_HSTL_III_DCI mod 0 0
0 OBUFT_HSTL_III mod 0 0
0 OBUFT_HSTL_II mod 0 0
0 OBUFT_HSTL_I mod 0 0
0 OBUFT_HSTL_IV_18 mod 0 0
0 OBUFT_HSTL_IV_DCI_18 mod 0 0
0 OBUFT_HSTL_IV_DCI mod 0 0
0 OBUFT_HSTL_IV mod 0 0
0 OBUFT_LVCMOS12_F_2 mod 0 0
0 OBUFT_LVCMOS12_F_4 mod 0 0
0 OBUFT_LVCMOS12_F_6 mod 0 0
0 OBUFT_LVCMOS12_F_8 mod 0 0
0 OBUFT_LVCMOS12_S_2 mod 0 0
0 OBUFT_LVCMOS12_S_4 mod 0 0
0 OBUFT_LVCMOS12_S_6 mod 0 0
0 OBUFT_LVCMOS12_S_8 mod 0 0
0 OBUFT_LVCMOS12 mod 0 0
0 OBUFT_LVCMOS15_F_12 mod 0 0
0 OBUFT_LVCMOS15_F_16 mod 0 0
0 OBUFT_LVCMOS15_F_2 mod 0 0
0 OBUFT_LVCMOS15_F_4 mod 0 0
0 OBUFT_LVCMOS15_F_6 mod 0 0
0 OBUFT_LVCMOS15_F_8 mod 0 0
0 OBUFT_LVCMOS15_S_12 mod 0 0
0 OBUFT_LVCMOS15_S_16 mod 0 0
0 OBUFT_LVCMOS15_S_2 mod 0 0
0 OBUFT_LVCMOS15_S_4 mod 0 0
0 OBUFT_LVCMOS15_S_6 mod 0 0
0 OBUFT_LVCMOS15_S_8 mod 0 0
0 OBUFT_LVCMOS15 mod 0 0
0 OBUFT_LVCMOS18_F_12 mod 0 0
0 OBUFT_LVCMOS18_F_16 mod 0 0
0 OBUFT_LVCMOS18_F_2 mod 0 0
0 OBUFT_LVCMOS18_F_4 mod 0 0
0 OBUFT_LVCMOS18_F_6 mod 0 0
0 OBUFT_LVCMOS18_F_8 mod 0 0
0 OBUFT_LVCMOS18_S_12 mod 0 0
0 OBUFT_LVCMOS18_S_16 mod 0 0
0 OBUFT_LVCMOS18_S_2 mod 0 0
0 OBUFT_LVCMOS18_S_4 mod 0 0
0 OBUFT_LVCMOS18_S_6 mod 0 0
0 OBUFT_LVCMOS18_S_8 mod 0 0
0 OBUFT_LVCMOS18 mod 0 0
0 OBUFT_LVCMOS25_F_12 mod 0 0
0 OBUFT_LVCMOS25_F_16 mod 0 0
0 OBUFT_LVCMOS25_F_24 mod 0 0
0 OBUFT_LVCMOS25_F_2 mod 0 0
0 OBUFT_LVCMOS25_F_4 mod 0 0
0 OBUFT_LVCMOS25_F_6 mod 0 0
0 OBUFT_LVCMOS25_F_8 mod 0 0
0 OBUFT_LVCMOS25_S_12 mod 0 0
0 OBUFT_LVCMOS25_S_16 mod 0 0
0 OBUFT_LVCMOS25_S_24 mod 0 0
0 OBUFT_LVCMOS25_S_2 mod 0 0
0 OBUFT_LVCMOS25_S_4 mod 0 0
0 OBUFT_LVCMOS25_S_6 mod 0 0
0 OBUFT_LVCMOS25_S_8 mod 0 0
0 OBUFT_LVCMOS25 mod 0 0
0 OBUFT_LVCMOS2 mod 0 0
0 OBUFT_LVCMOS33_F_12 mod 0 0
0 OBUFT_LVCMOS33_F_16 mod 0 0
0 OBUFT_LVCMOS33_F_24 mod 0 0
0 OBUFT_LVCMOS33_F_2 mod 0 0
0 OBUFT_LVCMOS33_F_4 mod 0 0
0 OBUFT_LVCMOS33_F_6 mod 0 0
0 OBUFT_LVCMOS33_F_8 mod 0 0
0 OBUFT_LVCMOS33_S_12 mod 0 0
0 OBUFT_LVCMOS33_S_16 mod 0 0
0 OBUFT_LVCMOS33_S_24 mod 0 0
0 OBUFT_LVCMOS33_S_2 mod 0 0
0 OBUFT_LVCMOS33_S_4 mod 0 0
0 OBUFT_LVCMOS33_S_6 mod 0 0
0 OBUFT_LVCMOS33_S_8 mod 0 0
0 OBUFT_LVCMOS33 mod 0 0
0 OBUFT_LVDCI_15 mod 0 0
0 OBUFT_LVDCI_18 mod 0 0
0 OBUFT_LVDCI_25 mod 0 0
0 OBUFT_LVDCI_33 mod 0 0
0 OBUFT_LVDCI_DV2_15 mod 0 0
0 OBUFT_LVDCI_DV2_18 mod 0 0
0 OBUFT_LVDCI_DV2_25 mod 0 0
0 OBUFT_LVDCI_DV2_33 mod 0 0
0 OBUFT_LVDS mod 0 0
0 OBUFT_LVPECL mod 0 0
0 OBUFT_LVTTL_F_12 mod 0 0
0 OBUFT_LVTTL_F_16 mod 0 0
0 OBUFT_LVTTL_F_24 mod 0 0
0 OBUFT_LVTTL_F_2 mod 0 0
0 OBUFT_LVTTL_F_4 mod 0 0
0 OBUFT_LVTTL_F_6 mod 0 0
0 OBUFT_LVTTL_F_8 mod 0 0
0 OBUFT_LVTTL_S_12 mod 0 0
0 OBUFT_LVTTL_S_16 mod 0 0
0 OBUFT_LVTTL_S_24 mod 0 0
0 OBUFT_LVTTL_S_2 mod 0 0
0 OBUFT_LVTTL_S_4 mod 0 0
0 OBUFT_LVTTL_S_6 mod 0 0
0 OBUFT_LVTTL_S_8 mod 0 0
0 OBUFT_LVTTL mod 0 0
0 OBUFT_PCI33_3 mod 0 0
0 OBUFT_PCI33_5 mod 0 0
0 OBUFT_PCI66_3 mod 0 0
0 OBUFT_PCIX66_3 mod 0 0
0 OBUFT_PCIX mod 0 0
0 OBUFT_S_12 mod 0 0
0 OBUFT_S_16 mod 0 0
0 OBUFT_S_24 mod 0 0
0 OBUFT_S_2 mod 0 0
0 OBUFT_S_4 mod 0 0
0 OBUFT_S_6 mod 0 0
0 OBUFT_S_8 mod 0 0
0 OBUFT_SSTL18_I_DCI mod 0 0
0 OBUFT_SSTL18_II_DCI mod 0 0
0 OBUFT_SSTL18_II mod 0 0
0 OBUFT_SSTL18_I mod 0 0
0 OBUFT_SSTL2_I_DCI mod 0 0
0 OBUFT_SSTL2_II_DCI mod 0 0
0 OBUFT_SSTL2_II mod 0 0
0 OBUFT_SSTL2_I mod 0 0
0 OBUFT_SSTL3_I_DCI mod 0 0
0 OBUFT_SSTL3_II_DCI mod 0 0
0 OBUFT_SSTL3_II mod 0 0
0 OBUFT_SSTL3_I mod 0 0
0 ODDR2 mod 0 0
0 OR2B1 mod 0 0
0 OR2B2 mod 0 0
0 OR2 mod 0 0
0 OR3B1 mod 0 0
0 OR3B2 mod 0 0
0 OR3B3 mod 0 0
0 OR3 mod 0 0
0 OR4B1 mod 0 0
0 OR4B2 mod 0 0
0 OR4B3 mod 0 0
0 OR4B4 mod 0 0
0 OR4 mod 0 0
0 OR5B1 mod 0 0
0 OR5B2 mod 0 0
0 OR5B3 mod 0 0
0 OR5B4 mod 0 0
0 OR5B5 mod 0 0
0 OR5 mod 0 0
0 PLL_BASE mod 0 0
0 ROM128X1 mod 0 0
0 ROM16X1 mod 0 0
0 ROM256X1 mod 0 0
0 ROM32X1 mod 0 0
0 ROM64X1 mod 0 0
0 SRL16_1 mod 0 0
0 SRL16E_1 mod 0 0
0 SRL16E mod 0 0
0 SRL16 mod 0 0
0 SRLC16_1 mod 0 0
0 SRLC16E_1 mod 0 0
0 SRLC16 mod 0 0
0 STARTUP_SPARTAN3A mod 0 0
0 STARTUP_SPARTAN3 mod 0 0
0 STARTUP_SPARTAN6 mod 0 0
0 STARTUP_VIRTEX4 mod 0 0
0 STARTUP_VIRTEX5 mod 0 0
0 STARTUP_VIRTEX6 mod 0 0
0 SYSMON mod 0 0
0 USR_ACCESS_VIRTEX4 mod 0 0
0 USR_ACCESS_VIRTEX5 mod 0 0
0 USR_ACCESS_VIRTEX6 mod 0 0
0 XNOR2 mod 0 0
0 XNOR3 mod 0 0
0 XNOR4 mod 0 0
0 XNOR5 mod 0 0
0 XOR2 mod 0 0
0 XOR3 mod 0 0
0 XOR4 mod 0 0
0 XOR5 mod 0 0
0 XORCY_D mod 0 0
0 XORCY_L mod 0 0
